2025-03-09T20:19:49 | touched: scripts/deploy.js
2026-01-04T16:17:50 | touched: contracts/Optimismlayer.sol
2026-01-04T21:41:18 | touched: LICENSE
2025-05-12T09:43:43 | touched: .env.example
2026-01-18T03:18:12 | touched: contracts/Optimismlayer.sol
2025-03-26T12:24:17 | touched: contracts/Optimismlayer.sol
2025-03-27T15:35:26 | touched: .env.example
2026-01-12T10:54:23 | touched: package.json
2026-01-20T18:56:09 | touched: .env.example
2026-01-12T15:35:58 | touched: contracts/Optimismlayer.sol
2025-08-15T16:15:35 | touched: package.json
2025-08-10T04:55:17 | touched: scripts/deploy.js
2025-02-11T14:23:08 | touched: README.md
2025-05-27T15:16:28 | touched: README.md
2025-06-10T08:36:53 | touched: test/Optimismlayer.test.js
2025-01-09T21:51:55 | touched: package.json
2025-07-28T23:56:33 | touched: contracts/Optimismlayer.sol
2025-09-27T03:49:02 | touched: test/Optimismlayer.test.js
2025-04-22T12:56:03 | touched: hardhat.config.js
2025-03-20T00:25:24 | touched: LICENSE
2025-10-16T05:46:54 | touched: README.md
2025-03-22T23:30:42 | touched: LICENSE
2025-12-01T14:20:13 | touched: contracts/Optimismlayer.sol
2025-06-16T10:54:33 | touched: test/Optimismlayer.test.js
2025-06-13T19:50:41 | touched: hardhat.config.js
2025-11-23T12:50:55 | touched: test/Optimismlayer.test.js
2025-06-29T06:07:15 | touched: .env.example
2025-03-04T15:11:59 | touched: package.json
2025-03-22T02:37:17 | touched: test/Optimismlayer.test.js
2025-01-15T19:58:00 | touched: .env.example
2025-10-19T05:13:13 | touched: .env.example
2025-01-09T05:55:55 | touched: .env.example
2025-02-28T00:23:25 | touched: README.md
2025-06-27T15:51:44 | touched: test/Optimismlayer.test.js
2025-06-16T15:17:29 | touched: README.md
2025-07-31T06:32:36 | touched: .env.example
2025-11-28T18:48:24 | touched: contracts/Optimismlayer.sol
2025-10-16T04:11:32 | touched: .env.example
2025-11-28T22:24:14 | touched: contracts/Optimismlayer.sol
2025-10-02T11:15:47 | touched: .env.example
2025-03-17T20:52:47 | touched: .env.example
2025-04-09T08:25:34 | touched: README.md
2025-11-19T14:01:56 | touched: LICENSE
2025-07-17T22:46:27 | touched: LICENSE
2025-07-18T18:45:34 | touched: README.md
2025-09-25T08:42:09 | touched: test/Optimismlayer.test.js
2025-12-25T17:53:05 | touched: .env.example
2025-05-25T12:10:49 | touched: LICENSE
2025-01-06T22:48:08 | touched: LICENSE
2025-04-26T09:23:23 | touched: package.json
2025-11-07T22:47:02 | touched: contracts/Optimismlayer.sol
